[33m❯[39m Building...
[32m✔[39m Building...
[1mInitial chunk files[22m  [2m | [22m[1mNames[22m                        [2m | [22m [1mRaw size[22m[2m | [22m[1mEstimated transfer size[22m
[32mstyles-7BVH5MGN.css[39m  [2m | [22m[2mstyles[22m                       [2m | [22m[36m176.03 kB[39m[2m | [22m               [36m17.64 kB[39m
[32mchunk-4UG3FOCV.js[39m    [2m | [22m[2m-[22m                            [2m | [22m[36m175.99 kB[39m[2m | [22m               [36m50.90 kB[39m
[32mchunk-7QVCGLXY.js[39m    [2m | [22m[2m-[22m                            [2m | [22m[36m105.83 kB[39m[2m | [22m               [36m26.80 kB[39m
[32mpolyfills-B6TNHZQ6.js[39m[2m | [22m[2mpolyfills[22m                    [2m | [22m [36m34.58 kB[39m[2m | [22m               [36m11.32 kB[39m
[32mmain-PNP33LYR.js[39m     [2m | [22m[2mmain[22m                         [2m | [22m [36m16.46 kB[39m[2m | [22m                [36m4.26 kB[39m
[32mchunk-5QQFTVVG.js[39m    [2m | [22m[2m-[22m                            [2m | [22m  [36m6.95 kB[39m[2m | [22m                [36m1.49 kB[39m

[1m [22m                    [2m | [22m[1mInitial total[22m                [2m | [22m[1m[93m515.84 kB[39m[22m[2m | [22m              [1m112.40 kB[22m

[1mLazy chunk files[22m     [2m | [22m[1mNames[22m                        [2m | [22m [1mRaw size[22m[2m | [22m[1mEstimated transfer size[22m
[32mchunk-FD2KBDTI.js[39m    [2m | [22m[2mproduction-component[22m         [2m | [22m [36m71.42 kB[39m[2m | [22m               [36m17.53 kB[39m
[32mchunk-JCTEPQYC.js[39m    [2m | [22m[2musers-component[22m              [2m | [22m [36m41.97 kB[39m[2m | [22m                [36m8.78 kB[39m
[32mchunk-36JJMGTO.js[39m    [2m | [22m[2m-[22m                            [2m | [22m [36m37.10 kB[39m[2m | [22m                [36m7.76 kB[39m
[32mchunk-YMXJ2QIH.js[39m    [2m | [22m[2mapp-layout-component[22m         [2m | [22m [36m36.69 kB[39m[2m | [22m                [36m8.01 kB[39m
[32mchunk-BHFINZF3.js[39m    [2m | [22m[2m-[22m                            [2m | [22m [36m31.60 kB[39m[2m | [22m                [36m6.39 kB[39m
[32mchunk-IV2XSOHY.js[39m    [2m | [22m[2msecurity-component[22m           [2m | [22m [36m31.45 kB[39m[2m | [22m                [36m7.19 kB[39m
[32mchunk-PH35JHBG.js[39m    [2m | [22m[2mfeatures-showcase-component[22m  [2m | [22m [36m31.05 kB[39m[2m | [22m                [36m6.92 kB[39m
[32mchunk-G67WVNEP.js[39m    [2m | [22m[2mdashboard-component[22m          [2m | [22m [36m29.62 kB[39m[2m | [22m                [36m7.24 kB[39m
[32mchunk-ALFYEFEF.js[39m    [2m | [22m[2mforgot-password-component[22m    [2m | [22m [36m25.82 kB[39m[2m | [22m                [36m6.13 kB[39m
[32mchunk-24BVSI3H.js[39m    [2m | [22m[2medit-profile-component[22m       [2m | [22m [36m24.81 kB[39m[2m | [22m                [36m6.48 kB[39m
[32mchunk-WUOF5AVK.js[39m    [2m | [22m[2msessions-component[22m           [2m | [22m [36m23.22 kB[39m[2m | [22m                [36m5.49 kB[39m
[32mchunk-BBXZTXMZ.js[39m    [2m | [22m[2mregister-enterprise-component[22m[2m | [22m [36m20.49 kB[39m[2m | [22m                [36m5.33 kB[39m
[32mchunk-DMKILS6M.js[39m    [2m | [22m[2mblocked-users-component[22m      [2m | [22m [36m19.17 kB[39m[2m | [22m                [36m4.49 kB[39m
[32mchunk-IMRSL7BX.js[39m    [2m | [22m[2mregister-component[22m           [2m | [22m [36m17.83 kB[39m[2m | [22m                [36m4.90 kB[39m
[32mchunk-P32PXBFO.js[39m    [2m | [22m[2mlogin-component[22m              [2m | [22m [36m16.46 kB[39m[2m | [22m                [36m4.63 kB[39m
[2m...and 20 more lazy chunks files. Use "--verbose" to show all the files.[22m

Application bundle generation failed. [6.148 seconds]

[1m[33m[33m▲ [43;33m[[43;30mWARNING[43;33m][0m [1mbundle initial exceeded maximum budget. Budget 500.00 kB was not met by 15.84 kB with a total of 515.84 kB.[0m


[33m▲ [43;33m[[43;30mWARNING[43;33m][0m [1msrc/app/pages/forgot-password/forgot-password.component.scss exceeded maximum budget. Budget 4.00 kB was not met by 3.98 kB with a total of 7.99 kB.[0m


[33m▲ [43;33m[[43;30mWARNING[43;33m][0m [1msrc/app/components/loading/loading.component.scss exceeded maximum budget. Budget 4.00 kB was not met by 2.70 kB with a total of 6.70 kB.[0m


[33m▲ [43;33m[[43;30mWARNING[43;33m][0m [1msrc/app/components/map-picker/map-picker.component.scss exceeded maximum budget. Budget 4.00 kB was not met by 11.95 kB with a total of 15.95 kB.[0m

[39m[22m
[1m[31m[31mX [41;31m[[41;97mERROR[41;31m][0m [1msrc/app/components/map-picker/map-picker.component.scss exceeded maximum budget. Budget 8.00 kB was not met by 7.95 kB with a total of 15.95 kB.[0m

[39m[22m
